// Jest Snapshot v1, https://goo.gl/fbAQLP

exports[`Header Component tests should be match snapshoot 1`] = `ShallowWrapper {}`;
