// Jest Snapshot v1, https://goo.gl/fbAQLP

exports[`NotResults Component tests should be render correctly 1`] = `ShallowWrapper {}`;
