// Jest Snapshot v1, https://goo.gl/fbAQLP

exports[`Home screen Tests should be match snapshot 1`] = `ShallowWrapper {}`;
