// Jest Snapshot v1, https://goo.gl/fbAQLP

exports[`ItemDetail tests should be render correctly 1`] = `ShallowWrapper {}`;
