// Jest Snapshot v1, https://goo.gl/fbAQLP

exports[`Items Page test should be match snapshot 1`] = `ShallowWrapper {}`;
