// Jest Snapshot v1, https://goo.gl/fbAQLP

exports[`ImagePriceContainer tests should be match snapshoot 1`] = `ShallowWrapper {}`;
