// Jest Snapshot v1, https://goo.gl/fbAQLP

exports[`ItemDetailContainer tests should be match snapshoot 1`] = `ShallowWrapper {}`;
